
> black-link-ecosystem@2.0.0 build
> next build

node.exe : ÔÜá 
Warning: Next.js 
inferred your 
workspace root, but it 
may not be correct.
No linha:1 caractere:1
+ & "C:\Program 
Files\nodejs/node.exe" 
"C:\Program 
Files\nodejs/node_mo 
...
+ ~~~~~~~~~~~~~~~~~~~~~
~~~~~~~~~~~~~~~~~~~~~~~
~~~~~~~~~~~~~~~~~~~~~~~
~~
    + CategoryInfo     
         : 
NotSpecified: (ÔÜá     
Warning: Ne...not be   
  correct.:String) [], 
R    emoteException
    + 
FullyQualifiedErrorI   
 d : NativeCommandError
 
 We detected multiple 
lockfiles and selected 
the directory of C:\Pro
jetos\blklnk-deploy\pac
kage-lock.json as the 
root directory.
 To silence this 
warning, set 
`turbopack.root` in 
your Next.js config, 
or consider removing 
one of the lockfiles 
if it's not needed.
   See https://nextjs.o
rg/docs/app/api-referen
ce/config/next-config-j
s/turbopack#root-direct
ory for more 
information.
 Detected additional 
lockfiles: 
   * C:\Projetos\blklnk
-deploy\blklnk.premium\
package-lock.json

Ôû▓ Next.js 16.1.6 (Turbopack)

  Creating an optimized production build ...

> Build error occurred
Error: Turbopack build 
failed with 1 errors:
./blklnk.premium/src/ap
p/layout.tsx:7:19
Ecmascript file had an 
error
[0m [90m  5 |[39m 
[90m// 1. CORRE├ç├âO 
DA IMPORTA├ç├âO (Sem 
chaves)[39m
 [90m  6 |[39m 
[36mimport[39m 
dynamic [36mfrom[39m 
[32m"next/dynamic"[39
m[33m;[39m
[31m[1m>[22m[39m[9
0m  7 |[39m 
[36mconst[39m 
[33mPreloader[39m 
[33m=[39m dynamic(() 
[33m=>[39m [36mimpor
t[39m([32m"@/componen
ts/ui/preloader"[39m)
[33m,[39m { 
ssr[33m:[39m 
[36mfalse[39m 
})[33m;[39m
 [90m    |[39m       
            [31m[1m^
[22m[39m[31m[1m^[22
m[39m[31m[1m^[22m[
39m[31m[1m^[22m[39m
[31m[1m^[22m[39m[3
1m[1m^[22m[39m[31m
[1m^[22m[39m[31m[1m
^[22m[39m[31m[1m^[
22m[39m[31m[1m^[22m
[39m[31m[1m^[22m[3
9m[31m[1m^[22m[39m
[31m[1m^[22m[39m[31
m[1m^[22m[39m[31m[
1m^[22m[39m[31m[1m^
[22m[39m[31m[1m^[2
2m[39m[31m[1m^[22m
[39m[31m[1m^[22m[39
m[31m[1m^[22m[39m[
31m[1m^[22m[39m[31m
[1m^[22m[39m[31m[1
m^[22m[39m[31m[1m^
[22m[39m[31m[1m^[22
m[39m[31m[1m^[22m[
39m[31m[1m^[22m[39m
[31m[1m^[22m[39m[3
1m[1m^[22m[39m[31m
[1m^[22m[39m[31m[1m
^[22m[39m[31m[1m^[
22m[39m[31m[1m^[22m
[39m[31m[1m^[22m[3
9m[31m[1m^[22m[39m
[31m[1m^[22m[39m[31
m[1m^[22m[39m[31m[
1m^[22m[39m[31m[1m^
[22m[39m[31m[1m^[2
2m[39m[31m[1m^[22m
[39m[31m[1m^[22m[39
m[31m[1m^[22m[39m[
31m[1m^[22m[39m[31m
[1m^[22m[39m[31m[1
m^[22m[39m[31m[1m^
[22m[39m[31m[1m^[22
m[39m[31m[1m^[22m[
39m[31m[1m^[22m[39m
[31m[1m^[22m[39m[3
1m[1m^[22m[39m[31m
[1m^[22m[39m[31m[1m
^[22m[39m[31m[1m^[
22m[39m[31m[1m^[22m
[39m[31m[1m^[22m[3
9m[31m[1m^[22m[39m
[31m[1m^[22m[39m[31
m[1m^[22m[39m[31m[
1m^[22m[39m[31m[1m^
[22m[39m[31m[1m^[2
2m[39m[31m[1m^[22m
[39m[31m[1m^[22m[39
m[31m[1m^[22m[39m
 [90m  8 |[39m
 [90m  9 |[39m 
[90m// 2. INJE├ç├âO 
DO PROVEDOR DE 
ESTADO[39m
 [90m 10 |[39m 
[36mimport[39m { [33
mEngineProvider[39m } 
[36mfrom[39m [32m"@/
components/providers/en
gine-provider"[39m[33
m;[39m[0m

`ssr: false` is not 
allowed with 
`next/dynamic` in 
Server Components. 
Please move it into a 
Client Component.


    at <unknown> (./blk
lnk.premium/src/app/lay
out.tsx:7:19)
