src/app/(protocolo)/protocolo/page.tsx(160,1): error TS1005: '}' expected.
